(program
 (def (a ("**" k)) (pass))
 (def (b ("*" a) ("**" b)) (pass))
 (def (c a b ("*" d) e ("**" f)) (pass))
 (def (d a b ("*" e) ("**" f)) (pass))
 (def (e a ("**" b)) (pass)))

