(program (try (suite (pass)) () #f (suite (pass))))

