(program (try (suite (pass)) (((except) (suite (pass)))) #f #f))

